---
source: src/tool_generator.rs
expression: request_body_schema
---
{
  "type": "object",
  "properties": {
    "status": {
      "type": "string"
    },
    "reason": {
      "type": "string"
    }
  },
  "required": [
    "status"
  ],
  "additionalProperties": true,
  "description": "Pet status update"
}
